// Jest Snapshot v1, https://goo.gl/fbAQLP

exports[`ru helpers should pluralize string 1`] = `
Array [
  "-30 яблок",
  "-29 яблок",
  "-28 яблок",
  "-27 яблок",
  "-26 яблок",
  "-25 яблок",
  "-24 яблока",
  "-23 яблока",
  "-22 яблока",
  "-21 яблоко",
  "-20 яблок",
  "-19 яблок",
  "-18 яблок",
  "-17 яблок",
  "-16 яблок",
  "-15 яблок",
  "-14 яблок",
  "-13 яблок",
  "-12 яблок",
  "-11 яблок",
  "-10 яблок",
  "-9 яблок",
  "-8 яблок",
  "-7 яблок",
  "-6 яблок",
  "-5 яблок",
  "-4 яблока",
  "-3 яблока",
  "-2 яблока",
  "-1 яблоко",
  "0 яблок",
  "1 яблоко",
  "2 яблока",
  "3 яблока",
  "4 яблока",
  "5 яблок",
  "6 яблок",
  "7 яблок",
  "8 яблок",
  "9 яблок",
  "10 яблок",
  "11 яблок",
  "12 яблок",
  "13 яблок",
  "14 яблок",
  "15 яблок",
  "16 яблок",
  "17 яблок",
  "18 яблок",
  "19 яблок",
  "20 яблок",
  "21 яблоко",
  "22 яблока",
  "23 яблока",
  "24 яблока",
  "25 яблок",
  "26 яблок",
  "27 яблок",
  "28 яблок",
  "29 яблок",
  "30 яблок",
]
`;
