// Jest Snapshot v1, https://goo.gl/fbAQLP

exports[`viewStorage should create a view by name 1`] = `
TestView {
  "_data": Object {
    "count": 0,
    "startFrom": 0,
  },
  "metadata": Object {
    "messageIds": Array [
      456,
    ],
  },
}
`;

exports[`viewStorage should register a view and collect its composition info 1`] = `
Map {
  "TestView" => Object {
    "fields": Object {},
    "prototype": TestView {
      "__init__": [Function],
    },
  },
}
`;
